2026-10-08T02:09:41.0631809Z Current runner version: '2.328.0'
2026-10-08T02:09:41.2066462Z ##[group]Operating System
2026-10-08T02:09:41.3044279Z Ubuntu
2026-10-08T02:09:41.4294979Z 24.04.3
2026-10-08T02:09:41.4474749Z LTS
2026-10-08T02:09:41.4517257Z ##[endgroup]
2026-10-08T02:09:41.5205138Z ##[group]Runner Image
2026-10-08T02:09:41.5827413Z Image: ubuntu-24.04
2026-10-08T02:09:41.7068178Z Version: 20260928.1.0
2026-10-08T02:09:41.8516997Z Included Software: https://github.com/actions/runner-images/blob/ubuntu24/20260928.1/images/ubuntu/Ubuntu2404-Readme.md
2026-10-08T02:09:41.9566052Z ##[endgroup]
2026-10-08T02:09:42.0182012Z ##[group]GITHUB_TOKEN Permissions
2026-10-08T02:09:42.1561496Z Contents: read
2026-10-08T02:09:42.1609191Z IdToken: write
2026-10-08T02:09:42.2035049Z Metadata: read
2026-10-08T02:09:42.2155204Z ##[endgroup]
2026-10-08T02:09:42.2244494Z Secret source: Actions
2026-10-08T02:09:42.3491779Z Prepare workflow directory
2026-10-08T02:09:42.4515866Z Prepare all required actions
2026-10-08T02:09:42.5559239Z Getting action download info
2026-10-08T02:09:42.6732772Z Download action repository 'actions/checkout@v4' (SHA:08eba0b27e820071cde6df949e0beb9ba4906955)
2026-10-08T02:09:42.7698951Z Download action repository 'actions/setup-node@v4' (SHA:49933ea5288caeca8642d1e84afbd3f7d6820020)
2026-10-08T02:09:42.7801022Z Download action repository 'aws-actions/configure-aws-credentials@v4' (SHA:b47578312673ae6fa5b5096b330d9fbac3d116df)
2026-10-08T02:09:42.9106323Z Complete job name: deploy-order-api
2026-10-08T02:09:42.9790606Z ##[group]Run actions/checkout@v4
2026-10-08T02:09:43.1441324Z with:
2026-10-08T02:09:43.2553338Z   repository: acme-shop/platform-apps
2026-10-08T02:09:43.3572859Z   token: ***
2026-10-08T02:09:43.4500748Z   ssh-strict: true
2026-10-08T02:09:43.6042476Z   persist-credentials: true
2026-10-08T02:09:43.7582053Z   clean: true
2026-10-08T02:09:43.8472850Z   fetch-depth: 1
2026-10-08T02:09:43.9214029Z ##[endgroup]
2026-10-08T02:09:44.0981722Z Syncing repository: acme-shop/platform-apps
2026-10-08T02:09:44.1845338Z ##[group]Getting Git version info
2026-10-08T02:09:44.3352679Z Working directory is '/home/runner/work/platform-apps/platform-apps'
2026-10-08T02:09:44.3633493Z [command]/usr/bin/git version
2026-10-08T02:09:44.5300799Z git version 2.51.0
2026-10-08T02:09:44.6008934Z ##[endgroup]
2026-10-08T02:09:44.6343121Z [command]/usr/bin/git init /home/runner/work/platform-apps/platform-apps
2026-10-08T02:09:44.7614657Z Initialized empty Git repository in /home/runner/work/platform-apps/platform-apps/.git/
2026-10-08T02:09:44.7854695Z [command]/usr/bin/git remote add origin https://github.com/acme-shop/platform-apps
2026-10-08T02:09:44.8037306Z ##[group]Fetching the repository
2026-10-08T02:09:44.8440520Z [command]/usr/bin/git -c protocol.version=2 fetch --no-tags --prune --no-recurse-submodules --depth=1 origin +4c1e9a7d2b83f05e6a91c4d7e2f0b5a38d6c9e12:refs/remotes/origin/main
2026-10-08T02:09:44.9218936Z From https://github.com/acme-shop/platform-apps
2026-10-08T02:09:45.0315341Z  * [new ref]         4c1e9a7d2b83f05e6a91c4d7e2f0b5a38d6c9e12 -> origin/main
2026-10-08T02:09:45.0439189Z ##[endgroup]
2026-10-08T02:09:45.2058140Z ##[group]Checking out the ref
2026-10-08T02:09:45.3056539Z [command]/usr/bin/git checkout --progress --force -B main refs/remotes/origin/main
2026-10-08T02:09:45.3932108Z Switched to a new branch 'main'
2026-10-08T02:09:45.4671678Z branch 'main' set up to track 'origin/main'.
2026-10-08T02:09:45.5298200Z ##[endgroup]
2026-10-08T02:09:45.6117980Z [command]/usr/bin/git log -1 --format=%H
2026-10-08T02:09:45.6327751Z 4c1e9a7d2b83f05e6a91c4d7e2f0b5a38d6c9e12
2026-10-08T02:09:45.7907998Z ##[group]Run actions/setup-node@v4
2026-10-08T02:09:45.7998243Z with:
2026-10-08T02:09:45.9075624Z   node-version: 20
2026-10-08T02:09:46.0683924Z   cache: npm
2026-10-08T02:09:46.1101380Z   cache-dependency-path: apps/order-api/package-lock.json
2026-10-08T02:09:46.2000185Z ##[endgroup]
2026-10-08T02:09:46.2952412Z Found in cache @ /opt/hostedtoolcache/node/20.19.5/x64
2026-10-08T02:09:46.3950766Z ##[group]Environment details
2026-10-08T02:09:46.5165698Z node: v20.19.5
2026-10-08T02:09:46.6186079Z npm: 10.8.2
2026-10-08T02:09:46.7979198Z yarn: 1.22.22
2026-10-08T02:09:46.8256079Z ##[endgroup]
2026-10-08T02:09:46.9593214Z [command]/opt/hostedtoolcache/node/20.19.5/x64/bin/npm config get cache
2026-10-08T02:09:47.0731553Z /home/runner/.npm
2026-10-08T02:09:47.1528836Z Cache hit for: node-cache-Linux-x64-npm-7f3b2c91e0a4d5b8c6e1f2a3b4c5d6e7f8091a2b3c4d5e6f7a8b9c0d1e2f3a4b
2026-10-08T02:09:47.2213778Z Received 52428800 of 61873421 (84.7%), 49.9 MBs/sec
2026-10-08T02:09:47.3016048Z Received 61873421 of 61873421 (100.0%), 41.2 MBs/sec
2026-10-08T02:09:47.3912460Z Cache Size: ~59 MB (61873421 B)
2026-10-08T02:09:47.5008909Z [command]/usr/bin/tar -xf /home/runner/work/_temp/a1b2c3d4-0e5f-4a6b-9c7d-8e9f0a1b2c3d/cache.tzst -P -C /home/runner/work/platform-apps/platform-apps --use-compress-program unzstd
2026-10-08T02:09:47.5842320Z Cache restored successfully
2026-10-08T02:09:47.6837339Z ##[group]Run aws-actions/configure-aws-credentials@v4
2026-10-08T02:09:47.8389892Z with:
2026-10-08T02:09:47.8555385Z   role-to-assume: arn:aws:iam::123456789012:role/github-actions-deploy-role
2026-10-08T02:09:47.9785625Z   aws-region: ap-northeast-1
2026-10-08T02:09:48.1574315Z   role-session-name: gha-cd-order-api
2026-10-08T02:09:48.3178414Z   audience: sts.amazonaws.com
2026-10-08T02:09:48.4469610Z ##[endgroup]
2026-10-08T02:09:48.6022620Z Assuming role with OIDC
2026-10-08T02:09:48.7802760Z Authenticated as assumedRoleId AROAEXAMPLEID1234567:gha-cd-order-api
2026-10-08T02:09:48.8778504Z ##[group]Run npm ci
2026-10-08T02:09:49.0432687Z npm ci
2026-10-08T02:09:49.1223539Z shell: /usr/bin/bash -e {0}
2026-10-08T02:09:49.2808205Z env:
2026-10-08T02:09:49.3281295Z   AWS_REGION: ap-northeast-1
2026-10-08T02:09:49.3774905Z   AWS_DEFAULT_REGION: ap-northeast-1
2026-10-08T02:09:49.4750619Z   CDK_DEFAULT_ACCOUNT: 123456789012
2026-10-08T02:09:49.5451024Z ##[endgroup]
2026-10-08T02:09:57.6447721Z npm warn deprecated inflight@1.0.6: This module is not supported, and leaks memory. Do not use it.
2026-10-08T02:09:57.6526299Z npm warn deprecated glob@7.2.3: Glob versions prior to v9 are no longer supported
2026-10-08T02:09:57.6878804Z npm warn deprecated rimraf@3.0.2: Rimraf versions prior to v4 are no longer supported
2026-10-08T02:10:11.8197543Z 
2026-10-08T02:10:11.9919234Z added 612 packages, and audited 613 packages in 23s
2026-10-08T02:10:12.0552955Z 
2026-10-08T02:10:12.1052196Z 74 packages are looking for funding
2026-10-08T02:10:12.2762911Z   run `npm fund` for details
2026-10-08T02:10:12.3037889Z 
2026-10-08T02:10:12.3889895Z found 0 vulnerabilities
2026-10-08T02:10:12.5667173Z ##[group]Run npx cdk synth --quiet
2026-10-08T02:10:12.6824482Z npx cdk synth --quiet
2026-10-08T02:10:12.7042055Z shell: /usr/bin/bash -e {0}
2026-10-08T02:10:12.8754593Z env:
2026-10-08T02:10:13.0252627Z   AWS_REGION: ap-northeast-1
2026-10-08T02:10:13.0969983Z   CDK_DEFAULT_ACCOUNT: 123456789012
2026-10-08T02:10:13.1294960Z ##[endgroup]
2026-10-08T02:10:13.2691343Z Bundling asset OrderApi-Prod/ApiHandlerFn/Code/Stage...
2026-10-08T02:10:13.3525469Z 
2026-10-08T02:10:13.5078742Z   cdk.out/bundling-temp-2f83ff2e96401ddd92d051474c6d1157ee63a6ce524cf4d3020056a4cb8ee515/index.js  397.6kb
2026-10-08T02:10:13.6191084Z 
2026-10-08T02:10:13.6909947Z ⚡ Done in 172ms
2026-10-08T02:10:13.7825886Z Bundling asset OrderApi-Prod/WorkerFn/Code/Stage...
2026-10-08T02:10:13.8595146Z 
2026-10-08T02:10:13.9741768Z   cdk.out/bundling-temp-16397e910e71d668a46d1909d040adebd1c6cb69cb79ef27d8161733e3833101/index.js  324.9kb
2026-10-08T02:10:14.0331950Z 
2026-10-08T02:10:14.1537088Z ⚡ Done in 230ms
2026-10-08T02:10:14.2302788Z Bundling asset OrderApi-Prod/OrderExportFn/Code/Stage...
2026-10-08T02:10:14.3204873Z 
2026-10-08T02:10:14.3304998Z   cdk.out/bundling-temp-d14d8ddc29e16c1136a6a4db2d95b396041b91f8849079493214b81e28bc68cf/index.js  205.1kb
2026-10-08T02:10:14.3833266Z 
2026-10-08T02:10:14.3970640Z ⚡ Done in 187ms
2026-10-08T02:10:14.5239671Z Bundling asset OrderApi-Prod/DlqRedriveFn/Code/Stage...
2026-10-08T02:10:14.5698088Z 
2026-10-08T02:10:14.6600912Z   cdk.out/bundling-temp-f276c54ccc21323d208fb3a9ea901405b00c6486da977889b48ceb690592a10d/index.js  393.2kb
2026-10-08T02:10:14.7270758Z 
2026-10-08T02:10:14.7439625Z ⚡ Done in 162ms
2026-10-08T02:10:14.8026443Z [Warning at /OrderApi-Prod/WorkerFn] [ack: @aws-cdk/aws-lambda-nodejs:runtimeUpdate] Runtime nodejs18.x is deprecated; consider upgrading. [ack: @aws-cdk/aws-lambda-nodejs:runtimeUpdate]
2026-10-08T02:10:14.8354838Z ##[group]Run npx cdk deploy --all --require-approval never --progress events
2026-10-08T02:10:14.8675332Z npx cdk deploy --all --require-approval never --progress events
2026-10-08T02:10:14.9311054Z shell: /usr/bin/bash -e {0}
2026-10-08T02:10:14.9655860Z env:
2026-10-08T02:10:15.0941819Z   AWS_REGION: ap-northeast-1
2026-10-08T02:10:15.1999110Z   CDK_DEFAULT_ACCOUNT: 123456789012
2026-10-08T02:10:15.2718563Z ##[endgroup]
2026-10-08T02:10:15.3430649Z 
2026-10-08T02:10:15.4820838Z ✨  Synthesis time: 9.84s
2026-10-08T02:10:15.5937650Z 
2026-10-08T02:10:15.7185325Z OrderApi-Network:  start: Building OrderApi-Network Template
2026-10-08T02:10:15.7198060Z OrderApi-Network:  success: Built OrderApi-Network Template
2026-10-08T02:10:15.7538620Z OrderApi-Network:  start: Publishing OrderApi-Network Template (123456789012-ap-northeast-1-a3f1c9d2)
2026-10-08T02:10:15.7873320Z OrderApi-Network:  success: Published OrderApi-Network Template (123456789012-ap-northeast-1-a3f1c9d2)
2026-10-08T02:10:15.8060677Z OrderApi-Network: deploying... [1/2]
2026-10-08T02:10:15.8155201Z OrderApi-Network: creating CloudFormation changeset...
2026-10-08T02:10:21.9514308Z OrderApi-Network | 0/9 | 2:10:21 AM | UPDATE_IN_PROGRESS   | AWS::CloudFormation::Stack | OrderApi-Network User Initiated
2026-10-08T02:10:26.0350402Z OrderApi-Network | 1/9 | 2:10:25 AM | UPDATE_IN_PROGRESS   | AWS::EC2::SecurityGroup | LambdaSg (LambdaSg9F3A1B2C)
2026-10-08T02:10:33.0546555Z OrderApi-Network | 2/9 | 2:10:33 AM | UPDATE_COMPLETE      | AWS::EC2::SecurityGroup | LambdaSg (LambdaSg9F3A1B2C)
2026-10-08T02:10:37.2250396Z OrderApi-Network | 2/9 | 2:10:37 AM | UPDATE_IN_PROGRESS   | AWS::EC2::SecurityGroupIngress | LambdaSgIngress (LambdaSgIngressD41E7A90)
2026-10-08T02:10:48.3055615Z OrderApi-Network | 3/9 | 2:10:48 AM | UPDATE_COMPLETE      | AWS::EC2::SecurityGroupIngress | LambdaSgIngress (LambdaSgIngressD41E7A90)
2026-10-08T02:10:51.3564515Z OrderApi-Network | 3/9 | 2:10:51 AM | UPDATE_IN_PROGRESS   | AWS::EC2::VPCEndpoint | SqsEndpoint (SqsEndpoint6B2C8E14)
2026-10-08T02:10:59.3896922Z OrderApi-Network | 4/9 | 2:10:59 AM | UPDATE_COMPLETE      | AWS::EC2::VPCEndpoint | SqsEndpoint (SqsEndpoint6B2C8E14)
2026-10-08T02:11:04.3914066Z OrderApi-Network | 4/9 | 2:11:04 AM | UPDATE_IN_PROGRESS   | AWS::EC2::VPCEndpoint | DynamoEndpoint (DynamoEndpoint0A9F3D27)
2026-10-08T02:11:18.4131519Z OrderApi-Network | 5/9 | 2:11:18 AM | UPDATE_COMPLETE      | AWS::EC2::VPCEndpoint | DynamoEndpoint (DynamoEndpoint0A9F3D27)
2026-10-08T02:11:20.4252135Z OrderApi-Network | 5/9 | 2:11:20 AM | UPDATE_IN_PROGRESS   | AWS::EC2::RouteTable | PrivateSubnet1RouteTable (PrivateSubnet1RouteTableBE8A6027)
2026-10-08T02:11:29.5844618Z OrderApi-Network | 6/9 | 2:11:29 AM | UPDATE_COMPLETE      | AWS::EC2::RouteTable | PrivateSubnet1RouteTable (PrivateSubnet1RouteTableBE8A6027)
2026-10-08T02:11:33.7521610Z OrderApi-Network | 6/9 | 2:11:33 AM | UPDATE_IN_PROGRESS   | AWS::SSM::Parameter | VpcIdParam (VpcIdParamC5D9E1F3)
2026-10-08T02:11:44.8661000Z OrderApi-Network | 7/9 | 2:11:44 AM | UPDATE_COMPLETE      | AWS::SSM::Parameter | VpcIdParam (VpcIdParamC5D9E1F3)
2026-10-08T02:11:44.9645277Z OrderApi-Network | 8/9 | 2:11:44 AM | UPDATE_COMPLETE_CLEANUP_IN_PROGRESS | AWS::CloudFormation::Stack | OrderApi-Network
2026-10-08T02:11:48.0478886Z OrderApi-Network | 9/9 | 2:11:47 AM | UPDATE_COMPLETE      | AWS::CloudFormation::Stack | OrderApi-Network
2026-10-08T02:11:48.1583407Z 
2026-10-08T02:11:48.1638383Z  ✅  OrderApi-Network
2026-10-08T02:11:48.2219558Z 
2026-10-08T02:11:48.2935579Z ✨  Deployment time: 71.32s
2026-10-08T02:11:48.3131216Z 
2026-10-08T02:11:48.3727566Z Outputs:
2026-10-08T02:11:48.4077300Z OrderApi-Network.ExportsOutputRefLambdaSg9F3A1B2CGroupId4E7D2A10 = sg-0a1b2c3d4e5f60718
2026-10-08T02:11:48.4938745Z OrderApi-Network.VpcId = vpc-0f1e2d3c4b5a69788
2026-10-08T02:11:48.6412324Z Stack ARN:
2026-10-08T02:11:48.6738697Z arn:aws:cloudformation:ap-northeast-1:123456789012:stack/OrderApi-Network/7c2e4a10-3b5d-11f0-9a8b-0e1f2d3c4b5a
2026-10-08T02:11:48.7069508Z 
2026-10-08T02:11:48.8064281Z ✨  Total time: 81.16s
2026-10-08T02:11:48.8906929Z 
2026-10-08T02:11:49.0309451Z OrderApi-Prod:  start: Building ApiHandlerFn/Code
2026-10-08T02:11:49.1858220Z OrderApi-Prod:  success: Built ApiHandlerFn/Code
2026-10-08T02:11:49.3345551Z OrderApi-Prod:  start: Publishing ApiHandlerFn/Code (123456789012-ap-northeast-1-f96a3a79)
2026-10-08T02:11:49.5081626Z OrderApi-Prod:  success: Published ApiHandlerFn/Code (123456789012-ap-northeast-1-f96a3a79)
2026-10-08T02:11:49.5391337Z OrderApi-Prod:  start: Publishing WorkerFn/Code (123456789012-ap-northeast-1-b602dd2d)
2026-10-08T02:11:49.6145119Z OrderApi-Prod:  success: Published WorkerFn/Code (123456789012-ap-northeast-1-b602dd2d)
2026-10-08T02:11:49.7539863Z OrderApi-Prod:  start: Publishing OrderExportFn/Code (123456789012-ap-northeast-1-404ea44c)
2026-10-08T02:11:49.7827688Z OrderApi-Prod:  success: Published OrderExportFn/Code (123456789012-ap-northeast-1-404ea44c)
2026-10-08T02:11:49.9314112Z OrderApi-Prod:  start: Publishing DlqRedriveFn/Code (123456789012-ap-northeast-1-582abcbf)
2026-10-08T02:11:49.9524843Z OrderApi-Prod:  success: Published DlqRedriveFn/Code (123456789012-ap-northeast-1-582abcbf)
2026-10-08T02:11:50.0564974Z OrderApi-Prod:  start: Publishing OrderApi-Prod Template (123456789012-ap-northeast-1-21d893ff)
2026-10-08T02:11:50.1536279Z OrderApi-Prod:  success: Published OrderApi-Prod Template (123456789012-ap-northeast-1-21d893ff)
2026-10-08T02:11:50.2584035Z OrderApi-Prod: deploying... [2/2]
2026-10-08T02:11:50.4051226Z OrderApi-Prod: creating CloudFormation changeset...
2026-10-08T02:11:58.4277486Z OrderApi-Prod | 0/31 | 2:11:58 AM | UPDATE_IN_PROGRESS   | AWS::CloudFormation::Stack | OrderApi-Prod User Initiated
2026-10-08T02:12:00.5367692Z OrderApi-Prod | 1/31 | 2:12:00 AM | UPDATE_IN_PROGRESS   | AWS::SQS::Queue | OrderDlq (OrderDlq5E1A9C3B)
2026-10-08T02:12:15.6865729Z OrderApi-Prod | 2/31 | 2:12:15 AM | UPDATE_COMPLETE      | AWS::SQS::Queue | OrderDlq (OrderDlq5E1A9C3B)
2026-10-08T02:12:19.7283126Z OrderApi-Prod | 2/31 | 2:12:19 AM | UPDATE_IN_PROGRESS   | AWS::SQS::Queue | OrderQueue (OrderQueue8D2F4B71)
2026-10-08T02:12:25.7717321Z OrderApi-Prod | 3/31 | 2:12:25 AM | UPDATE_COMPLETE      | AWS::SQS::Queue | OrderQueue (OrderQueue8D2F4B71)
2026-10-08T02:12:29.8992788Z OrderApi-Prod | 3/31 | 2:12:29 AM | UPDATE_IN_PROGRESS   | AWS::IAM::Role | ApiHandlerFnServiceRole (ApiHandlerFnServiceRoleA7C3E21D)
2026-10-08T02:12:46.0538172Z OrderApi-Prod | 4/31 | 2:12:45 AM | UPDATE_COMPLETE      | AWS::IAM::Role | ApiHandlerFnServiceRole (ApiHandlerFnServiceRoleA7C3E21D)
2026-10-08T02:12:48.1247033Z OrderApi-Prod | 4/31 | 2:12:48 AM | UPDATE_IN_PROGRESS   | AWS::IAM::Role | WorkerFnServiceRole (WorkerFnServiceRole3B9D0E6F)
2026-10-08T02:12:54.2790198Z OrderApi-Prod | 5/31 | 2:12:54 AM | UPDATE_COMPLETE      | AWS::IAM::Role | WorkerFnServiceRole (WorkerFnServiceRole3B9D0E6F)
2026-10-08T02:12:57.3407168Z OrderApi-Prod | 5/31 | 2:12:57 AM | UPDATE_IN_PROGRESS   | AWS::IAM::Policy | WorkerFnServiceRoleDefaultPolicy (WorkerFnServiceRoleDefaultPolicyC81F2A04)
2026-10-08T02:13:08.5175156Z OrderApi-Prod | 6/31 | 2:13:08 AM | UPDATE_COMPLETE      | AWS::IAM::Policy | WorkerFnServiceRoleDefaultPolicy (WorkerFnServiceRoleDefaultPolicyC81F2A04)
2026-10-08T02:13:11.5753584Z OrderApi-Prod | 6/31 | 2:13:11 AM | UPDATE_IN_PROGRESS   | AWS::DynamoDB::Table | OrdersTable (OrdersTable2F6E9A13)
2026-10-08T02:13:13.6464377Z OrderApi-Prod | 7/31 | 2:13:13 AM | UPDATE_COMPLETE      | AWS::DynamoDB::Table | OrdersTable (OrdersTable2F6E9A13)
2026-10-08T02:13:17.6998292Z OrderApi-Prod | 7/31 | 2:13:17 AM | UPDATE_IN_PROGRESS   | AWS::Lambda::Function | ApiHandlerFn (ApiHandlerFn4C8B1E2D)
2026-10-08T02:13:37.7951243Z OrderApi-Prod | 8/31 | 2:13:37 AM | UPDATE_COMPLETE      | AWS::Lambda::Function | ApiHandlerFn (ApiHandlerFn4C8B1E2D)
2026-10-08T02:13:40.9224332Z OrderApi-Prod | 8/31 | 2:13:40 AM | UPDATE_IN_PROGRESS   | AWS::Lambda::Function | WorkerFn (WorkerFnABC123)
2026-10-08T02:13:56.0489549Z OrderApi-Prod | 9/31 | 2:13:55 AM | UPDATE_COMPLETE      | AWS::Lambda::Function | WorkerFn (WorkerFnABC123)
2026-10-08T02:13:58.1724519Z OrderApi-Prod | 9/31 | 2:13:58 AM | UPDATE_IN_PROGRESS   | AWS::Logs::LogGroup | WorkerFnLogGroup (WorkerFnLogGroup9E0D7C5A)
2026-10-08T02:14:17.1805307Z OrderApi-Prod | 10/31 | 2:14:17 AM | UPDATE_COMPLETE      | AWS::Logs::LogGroup | WorkerFnLogGroup (WorkerFnLogGroup9E0D7C5A)
2026-10-08T02:14:19.2003026Z OrderApi-Prod | 10/31 | 2:14:19 AM | CREATE_IN_PROGRESS   | AWS::Logs::LogGroup | OrderExportFnLogGroup (OrderExportFnLogGroupB2A4F6E8)
2026-10-08T02:14:20.2131207Z OrderApi-Prod | 10/31 | 2:14:20 AM | CREATE_IN_PROGRESS   | AWS::Lambda::EventSourceMapping | WorkerFnSqsEventSourceOrderQueue (WorkerFnSqsEventSourceOrderQueue5D3C1A90)
2026-10-08T02:14:21.2741083Z OrderApi-Prod | 10/31 | 2:14:21 AM | CREATE_IN_PROGRESS   | AWS::Lambda::Function | OrderExportFn (OrderExportFn7F2D9B41)
2026-10-08T02:14:22.4448421Z OrderApi-Prod | 10/31 | 2:14:22 AM | CREATE_IN_PROGRESS   | AWS::Logs::LogGroup | OrderExportFnLogGroup (OrderExportFnLogGroupB2A4F6E8) Resource creation Initiated
2026-10-08T02:14:23.5026244Z OrderApi-Prod | 10/31 | 2:14:23 AM | CREATE_IN_PROGRESS   | AWS::Lambda::EventSourceMapping | WorkerFnSqsEventSourceOrderQueue (WorkerFnSqsEventSourceOrderQueue5D3C1A90) Resource creation Initiated
2026-10-08T02:14:24.5668863Z OrderApi-Prod | 11/31 | 2:14:24 AM | CREATE_COMPLETE      | AWS::Logs::LogGroup | OrderExportFnLogGroup (OrderExportFnLogGroupB2A4F6E8)
2026-10-08T02:14:26.6354822Z OrderApi-Prod | 11/31 | 2:14:26 AM | CREATE_FAILED        | AWS::Lambda::Function | OrderExportFn (OrderExportFn7F2D9B41) Resource handler returned message: "User: arn:aws:sts::123456789012:assumed-role/cdk-hnb659fds-cfn-exec-role-123456789012-ap-northeast-1/AWSCloudFormation is not authorized to perform: iam:PassRole on resource: arn:aws:iam::123456789012:role/order-export-exec-role because no identity-based policy allows the iam:PassRole action (Service: Lambda, Status Code: 403, Request ID: 3e7a1c90-5b2d-4f8e-a6c4-9d1b0e2f7a35)" (RequestToken: 8b4f2e61-0c9a-7d3e-1f5b-a2c6d8e0f9b1, HandlerErrorCode: AccessDenied)
2026-10-08T02:14:27.6853519Z OrderApi-Prod | 11/31 | 2:14:27 AM | CREATE_FAILED        | AWS::Lambda::EventSourceMapping | WorkerFnSqsEventSourceOrderQueue (WorkerFnSqsEventSourceOrderQueue5D3C1A90) Resource creation cancelled
2026-10-08T02:14:28.8631350Z OrderApi-Prod | 11/31 | 2:14:28 AM | UPDATE_ROLLBACK_IN_P | AWS::CloudFormation::Stack | OrderApi-Prod The following resource(s) failed to create: [WorkerFnSqsEventSourceOrderQueue5D3C1A90, OrderExportFn7F2D9B41]. 
2026-10-08T02:14:31.9084230Z OrderApi-Prod | 11/31 | 2:14:31 AM | UPDATE_IN_PROGRESS   | AWS::Logs::LogGroup | WorkerFnLogGroup (WorkerFnLogGroup9E0D7C5A)
2026-10-08T02:14:38.9572656Z OrderApi-Prod | 10/31 | 2:14:38 AM | UPDATE_COMPLETE      | AWS::Logs::LogGroup | WorkerFnLogGroup (WorkerFnLogGroup9E0D7C5A)
2026-10-08T02:14:39.9805891Z OrderApi-Prod | 10/31 | 2:14:39 AM | UPDATE_IN_PROGRESS   | AWS::Lambda::Function | WorkerFn (WorkerFnABC123)
2026-10-08T02:14:43.0506414Z OrderApi-Prod | 9/31 | 2:14:42 AM | UPDATE_COMPLETE      | AWS::Lambda::Function | WorkerFn (WorkerFnABC123)
2026-10-08T02:14:44.1449377Z OrderApi-Prod | 9/31 | 2:14:44 AM | UPDATE_IN_PROGRESS   | AWS::Lambda::Function | ApiHandlerFn (ApiHandlerFn4C8B1E2D)
2026-10-08T02:14:55.3228175Z OrderApi-Prod | 8/31 | 2:14:55 AM | UPDATE_COMPLETE      | AWS::Lambda::Function | ApiHandlerFn (ApiHandlerFn4C8B1E2D)
2026-10-08T02:14:56.3313195Z OrderApi-Prod | 8/31 | 2:14:56 AM | UPDATE_IN_PROGRESS   | AWS::DynamoDB::Table | OrdersTable (OrdersTable2F6E9A13)
2026-10-08T02:15:03.4464716Z OrderApi-Prod | 7/31 | 2:15:03 AM | UPDATE_COMPLETE      | AWS::DynamoDB::Table | OrdersTable (OrdersTable2F6E9A13)
2026-10-08T02:15:07.4677093Z OrderApi-Prod | 7/31 | 2:15:07 AM | UPDATE_IN_PROGRESS   | AWS::IAM::Policy | WorkerFnServiceRoleDefaultPolicy (WorkerFnServiceRoleDefaultPolicyC81F2A04)
2026-10-08T02:15:19.6218907Z OrderApi-Prod | 6/31 | 2:15:19 AM | UPDATE_COMPLETE      | AWS::IAM::Policy | WorkerFnServiceRoleDefaultPolicy (WorkerFnServiceRoleDefaultPolicyC81F2A04)
2026-10-08T02:15:23.6555698Z OrderApi-Prod | 6/31 | 2:15:23 AM | UPDATE_IN_PROGRESS   | AWS::IAM::Role | WorkerFnServiceRole (WorkerFnServiceRole3B9D0E6F)
2026-10-08T02:15:30.6876104Z OrderApi-Prod | 5/31 | 2:15:30 AM | UPDATE_COMPLETE      | AWS::IAM::Role | WorkerFnServiceRole (WorkerFnServiceRole3B9D0E6F)
2026-10-08T02:15:31.8628496Z OrderApi-Prod | 5/31 | 2:15:31 AM | UPDATE_IN_PROGRESS   | AWS::IAM::Role | ApiHandlerFnServiceRole (ApiHandlerFnServiceRoleA7C3E21D)
2026-10-08T02:15:34.9785778Z OrderApi-Prod | 4/31 | 2:15:34 AM | UPDATE_COMPLETE      | AWS::IAM::Role | ApiHandlerFnServiceRole (ApiHandlerFnServiceRoleA7C3E21D)
2026-10-08T02:15:38.0047808Z OrderApi-Prod | 4/31 | 2:15:37 AM | UPDATE_IN_PROGRESS   | AWS::SQS::Queue | OrderQueue (OrderQueue8D2F4B71)
2026-10-08T02:15:51.1036805Z OrderApi-Prod | 3/31 | 2:15:51 AM | UPDATE_COMPLETE      | AWS::SQS::Queue | OrderQueue (OrderQueue8D2F4B71)
2026-10-08T02:15:55.1819524Z OrderApi-Prod | 3/31 | 2:15:55 AM | UPDATE_IN_PROGRESS   | AWS::SQS::Queue | OrderDlq (OrderDlq5E1A9C3B)
2026-10-08T02:15:58.2714959Z OrderApi-Prod | 2/31 | 2:15:58 AM | UPDATE_COMPLETE      | AWS::SQS::Queue | OrderDlq (OrderDlq5E1A9C3B)
2026-10-08T02:16:00.4128488Z OrderApi-Prod | 2/31 | 2:16:00 AM | UPDATE_ROLLBACK_COMPLETE_CLEANUP_IN_PROGRESS | AWS::CloudFormation::Stack | OrderApi-Prod
2026-10-08T02:16:01.4433477Z OrderApi-Prod | 2/31 | 2:16:01 AM | DELETE_IN_PROGRESS   | AWS::Logs::LogGroup | OrderExportFnLogGroup (OrderExportFnLogGroupB2A4F6E8)
2026-10-08T02:16:02.5774955Z OrderApi-Prod | 2/31 | 2:16:02 AM | DELETE_IN_PROGRESS   | AWS::Lambda::EventSourceMapping | WorkerFnSqsEventSourceOrderQueue (WorkerFnSqsEventSourceOrderQueue5D3C1A90)
2026-10-08T02:16:03.5938984Z OrderApi-Prod | 2/31 | 2:16:03 AM | DELETE_COMPLETE      | AWS::Lambda::Function | OrderExportFn (OrderExportFn7F2D9B41)
2026-10-08T02:16:05.7725749Z OrderApi-Prod | 1/31 | 2:16:05 AM | DELETE_COMPLETE      | AWS::Logs::LogGroup | OrderExportFnLogGroup (OrderExportFnLogGroupB2A4F6E8)
2026-10-08T02:16:06.8210782Z OrderApi-Prod | 0/31 | 2:16:06 AM | DELETE_COMPLETE      | AWS::Lambda::EventSourceMapping | WorkerFnSqsEventSourceOrderQueue (WorkerFnSqsEventSourceOrderQueue5D3C1A90)
2026-10-08T02:16:07.8688295Z OrderApi-Prod | -1/31 | 2:16:07 AM | UPDATE_ROLLBACK_COMPLETE | AWS::CloudFormation::Stack | OrderApi-Prod
2026-10-08T02:16:08.0414307Z 
2026-10-08T02:16:08.0745081Z Failed resources:
2026-10-08T02:16:08.2220512Z OrderApi-Prod | 2:16:08 AM | CREATE_FAILED        | AWS::Lambda::EventSourceMapping | WorkerFnSqsEventSourceOrderQueue (WorkerFnSqsEventSourceOrderQueue5D3C1A90) Resource creation cancelled
2026-10-08T02:16:08.3097599Z 
2026-10-08T02:16:08.4206958Z ❌  OrderApi-Prod failed: Error: The stack named OrderApi-Prod failed to deploy: UPDATE_ROLLBACK_COMPLETE
2026-10-08T02:16:08.5002862Z     at FullCloudFormationDeployment.monitorDeployment (/home/runner/work/platform-apps/platform-apps/apps/order-api/node_modules/aws-cdk/lib/index.js:458:10236)
2026-10-08T02:16:08.6210707Z     at process.processTicksAndRejections (node:internal/process/task_queues:95:5)
2026-10-08T02:16:08.7037742Z     at async Object.deployStack2 [as deployStack] (/home/runner/work/platform-apps/platform-apps/apps/order-api/node_modules/aws-cdk/lib/index.js:461:200341)
2026-10-08T02:16:08.7225561Z     at async /home/runner/work/platform-apps/platform-apps/apps/order-api/node_modules/aws-cdk/lib/index.js:461:181777
2026-10-08T02:16:08.7708668Z 
2026-10-08T02:16:08.9140459Z The stack named OrderApi-Prod failed to deploy: UPDATE_ROLLBACK_COMPLETE
2026-10-08T02:16:09.0175675Z ##[error]Process completed with exit code 1.
2026-10-08T02:16:09.0213040Z Skipping step 'Run npm run test:smoke -- --stage prod' due to previous failure.
2026-10-08T02:16:09.0219817Z Skipping step 'Run ./scripts/notify-deploy.sh order-api' due to previous failure.
2026-10-08T02:16:09.0445434Z Post job cleanup.
2026-10-08T02:16:09.1163426Z Post job cleanup.
2026-10-08T02:16:09.1311592Z [command]/usr/bin/git version
2026-10-08T02:16:09.1429987Z git version 2.51.0
2026-10-08T02:16:09.2761054Z Temporarily overriding HOME='/home/runner/work/_temp/5d2a9e14-7c3b-4f0e-8a1d-6b9c2e4f7a03' before making global git config changes
2026-10-08T02:16:09.3417068Z Adding repository directory to the temporary git global config as a safe directory
2026-10-08T02:16:09.4353335Z [command]/usr/bin/git config --global --add safe.directory /home/runner/work/platform-apps/platform-apps
2026-10-08T02:16:09.5418657Z [command]/usr/bin/git config --local --name-only --get-regexp core\.sshCommand
2026-10-08T02:16:09.6846151Z [command]/usr/bin/git submodule foreach --recursive sh -c "git config --local --name-only --get-regexp 'core\.sshCommand' && git config --local --unset-all 'core.sshCommand' || :"
2026-10-08T02:16:09.7779217Z [command]/usr/bin/git config --local --name-only --get-regexp http\.https\:\/\/github\.com\/\.extraheader
2026-10-08T02:16:09.8081152Z http.https://github.com/.extraheader
2026-10-08T02:16:09.8798219Z [command]/usr/bin/git config --local --unset-all http.https://github.com/.extraheader
2026-10-08T02:16:09.9067431Z Cleaning up orphan processes
