2026-10-08T02:13:02.0382288Z Current runner version: '2.328.0'
2026-10-08T02:13:02.0917082Z ##[group]Runner Image Provisioner
2026-10-08T02:13:02.1225485Z Hosted Compute Agent
2026-10-08T02:13:02.1614107Z Version: 20250912.392
2026-10-08T02:13:02.2168129Z Commit: 8f3a2b1c9d7e6f5a4b3c2d1e0f9a8b7c6d5e4f3a
2026-10-08T02:13:02.2354100Z Build Date: 2025-09-12T18:04:11Z
2026-10-08T02:13:02.2884852Z ##[endgroup]
2026-10-08T02:13:02.3667395Z ##[group]Operating System
2026-10-08T02:13:02.3801393Z Ubuntu
2026-10-08T02:13:02.3853163Z 24.04.3
2026-10-08T02:13:02.3917475Z LTS
2026-10-08T02:13:02.4464211Z ##[endgroup]
2026-10-08T02:13:02.4484000Z ##[group]Runner Image
2026-10-08T02:13:02.5140628Z Image: ubuntu-24.04
2026-10-08T02:13:02.5323106Z Version: 20250928.1.0
2026-10-08T02:13:02.6080741Z Included Software: https://github.com/actions/runner-images/blob/ubuntu24/20250928.1/images/ubuntu/Ubuntu2404-Readme.md
2026-10-08T02:13:02.6611132Z Image Release: https://github.com/actions/runner-images/releases/tag/ubuntu24%2F20250928.1
2026-10-08T02:13:02.7045039Z ##[endgroup]
2026-10-08T02:13:02.7493770Z ##[group]GITHUB_TOKEN Permissions
2026-10-08T02:13:02.7940118Z Contents: read
2026-10-08T02:13:02.8593596Z IdToken: write
2026-10-08T02:13:02.9081509Z Metadata: read
2026-10-08T02:13:02.9459829Z ##[endgroup]
2026-10-08T02:13:02.9770560Z Secret source: Actions
2026-10-08T02:13:03.0284941Z Prepare workflow directory
2026-10-08T02:13:03.1059074Z Prepare all required actions
2026-10-08T02:13:03.1347365Z Getting action download info
2026-10-08T02:13:03.2040936Z Download action repository 'actions/checkout@v4' (SHA:08eba0b27e820071cde6df949e0beb9ba4906955)
2026-10-08T02:13:03.2581581Z Download action repository 'aws-actions/configure-aws-credentials@v4' (SHA:7474bc4690e29a8392af63c5b98e7449536d5c3a)
2026-10-08T02:13:03.2787225Z Download action repository 'aws-actions/amazon-ecr-login@v2' (SHA:062b18b96a7aff071d4dc91bc00c4c1a7945b076)
2026-10-08T02:13:03.3081068Z Download action repository 'docker/setup-buildx-action@v3' (SHA:e468171a9de216ec08956ac3ada2f0791b6bd435)
2026-10-08T02:13:03.3541788Z Download action repository 'docker/build-push-action@v6' (SHA:263435318d21b8e681c14492fe198d362a7d2c83)
2026-10-08T02:13:03.3689416Z Download action repository 'aws-actions/amazon-ecs-render-task-definition@v1' (SHA:acd72bc11233ac43bac45ddb7b8e54ada737e6cd)
2026-10-08T02:13:03.4348356Z Download action repository 'aws-actions/amazon-ecs-deploy-task-definition@v2' (SHA:f7b2b96b7fe1b20b452641919c0559bcc19ab8f9)
2026-10-08T02:13:03.4379360Z Complete job name: deploy-web-backend
2026-10-08T02:13:03.4560986Z ##[group]Run actions/checkout@v4
2026-10-08T02:13:03.4600553Z with:
2026-10-08T02:13:03.5219231Z   repository: example-org/platform-apps
2026-10-08T02:13:03.5823103Z   token: ***
2026-10-08T02:13:03.5969654Z   ssh-strict: true
2026-10-08T02:13:03.6003944Z   ssh-user: git
2026-10-08T02:13:03.6405099Z   persist-credentials: true
2026-10-08T02:13:03.6916450Z   clean: true
2026-10-08T02:13:03.7330095Z   sparse-checkout-cone-mode: true
2026-10-08T02:13:03.7501084Z   fetch-depth: 1
2026-10-08T02:13:03.7868317Z   fetch-tags: false
2026-10-08T02:13:03.8064042Z   show-progress: true
2026-10-08T02:13:03.8438508Z   lfs: false
2026-10-08T02:13:03.8733033Z   submodules: false
2026-10-08T02:13:03.9347353Z   set-safe-directory: true
2026-10-08T02:13:04.0077420Z ##[endgroup]
2026-10-08T02:13:04.0835845Z Syncing repository: example-org/platform-apps
2026-10-08T02:13:04.0983570Z ##[group]Getting Git version info
2026-10-08T02:13:04.1387193Z Working directory is '/home/runner/work/platform-apps/platform-apps'
2026-10-08T02:13:04.1884365Z [command]/usr/bin/git version
2026-10-08T02:13:04.2683168Z git version 2.51.0
2026-10-08T02:13:04.2811235Z ##[endgroup]
2026-10-08T02:13:04.3517394Z Temporarily overriding HOME='/home/runner/work/_temp/0b3e7c52-1f4a-4d1e-9a3b-6c2f8e1d4a70' before making global git config changes
2026-10-08T02:13:04.4030723Z Adding repository directory to the temporary git global config as a safe directory
2026-10-08T02:13:04.4659148Z [command]/usr/bin/git config --global --add safe.directory /home/runner/work/platform-apps/platform-apps
2026-10-08T02:13:04.5043665Z Deleting the contents of '/home/runner/work/platform-apps/platform-apps'
2026-10-08T02:13:04.5257497Z ##[group]Initializing the repository
2026-10-08T02:13:04.5973472Z [command]/usr/bin/git init /home/runner/work/platform-apps/platform-apps
2026-10-08T02:13:04.6335269Z Initialized empty Git repository in /home/runner/work/platform-apps/platform-apps/.git/
2026-10-08T02:13:04.7034434Z [command]/usr/bin/git remote add origin https://github.com/example-org/platform-apps
2026-10-08T02:13:04.7301788Z ##[endgroup]
2026-10-08T02:13:04.7815767Z ##[group]Fetching the repository
2026-10-08T02:13:04.8380993Z [command]/usr/bin/git -c protocol.version=2 fetch --no-tags --prune --no-recurse-submodules --depth=1 origin +4f9c2e1a7b3d5e8f0a6c1b2d3e4f5a6b7c8d9e0f:refs/remotes/origin/main
2026-10-08T02:13:04.8969538Z From https://github.com/example-org/platform-apps
2026-10-08T02:13:04.9177210Z  * [new ref]         4f9c2e1a7b3d5e8f0a6c1b2d3e4f5a6b7c8d9e0f -> origin/main
2026-10-08T02:13:04.9734022Z ##[endgroup]
2026-10-08T02:13:05.0182654Z ##[group]Checking out the ref
2026-10-08T02:13:05.0521813Z [command]/usr/bin/git checkout --progress --force -B main refs/remotes/origin/main
2026-10-08T02:13:05.0686027Z Switched to a new branch 'main'
2026-10-08T02:13:05.1469708Z branch 'main' set up to track 'origin/main'.
2026-10-08T02:13:05.1928014Z ##[endgroup]
2026-10-08T02:13:05.2537566Z [command]/usr/bin/git log -1 --format=%H
2026-10-08T02:13:05.2885341Z 4f9c2e1a7b3d5e8f0a6c1b2d3e4f5a6b7c8d9e0f
2026-10-08T02:13:05.8301013Z ##[group]Run aws-actions/configure-aws-credentials@v4
2026-10-08T02:13:06.1823985Z with:
2026-10-08T02:13:06.7706056Z   role-to-assume: arn:aws:iam::123456789012:role/gha-cd-web-backend
2026-10-08T02:13:07.1129680Z   aws-region: ap-northeast-1
2026-10-08T02:13:07.5293642Z   role-session-name: gha-cd-web-backend
2026-10-08T02:13:08.0726100Z   audience: sts.amazonaws.com
2026-10-08T02:13:08.6121216Z ##[endgroup]
2026-10-08T02:13:08.9377326Z Assuming role with OIDC
2026-10-08T02:13:09.4152545Z Authenticated as assumedRoleId AROAEXAMPLE7QZ3XH2K4L:gha-cd-web-backend
2026-10-08T02:13:09.5178344Z ##[group]Run aws-actions/amazon-ecr-login@v2
2026-10-08T02:13:09.9855058Z with:
2026-10-08T02:13:10.2364499Z   mask-password: true
2026-10-08T02:13:10.3075628Z   skip-logout: false
2026-10-08T02:13:10.6110736Z ##[endgroup]
2026-10-08T02:13:10.9056081Z Logging into registry 123456789012.dkr.ecr.ap-northeast-1.amazonaws.com
2026-10-08T02:13:11.1149805Z Login Succeeded
2026-10-08T02:13:11.1570995Z ##[group]Run docker/setup-buildx-action@v3
2026-10-08T02:13:11.2224041Z with:
2026-10-08T02:13:11.5134844Z   driver: docker-container
2026-10-08T02:13:11.7948356Z   install: false
2026-10-08T02:13:11.9474210Z   use: true
2026-10-08T02:13:12.0389929Z   keep-state: false
2026-10-08T02:13:12.2220312Z   cache-binary: true
2026-10-08T02:13:12.2541319Z   cleanup: true
2026-10-08T02:13:12.3972243Z ##[endgroup]
2026-10-08T02:13:12.7520961Z ##[group]Docker info
2026-10-08T02:13:13.1301760Z Client: Docker Engine - Community
2026-10-08T02:13:13.5160895Z  Version:    28.4.0
2026-10-08T02:13:13.6351693Z  Context:    default
2026-10-08T02:13:13.9136754Z Server:
2026-10-08T02:13:14.0096232Z  Server Version: 28.4.0
2026-10-08T02:13:14.2150265Z  Storage Driver: overlay2
2026-10-08T02:13:14.2883417Z  Kernel Version: 6.11.0-1018-azure
2026-10-08T02:13:14.4499948Z  Architecture: x86_64
2026-10-08T02:13:14.7887163Z  CPUs: 4
2026-10-08T02:13:14.9781830Z  Total Memory: 15.62GiB
2026-10-08T02:13:15.3125343Z ##[endgroup]
2026-10-08T02:13:15.4814746Z ##[group]Creating a new builder instance
2026-10-08T02:13:15.6948247Z [command]/usr/bin/docker buildx create --name builder-5c0d1e2f --driver docker-container --buildkitd-flags --allow-insecure-entitlement security.insecure --allow-insecure-entitlement network.host --use
2026-10-08T02:13:15.9635011Z builder-5c0d1e2f
2026-10-08T02:13:16.1895154Z ##[endgroup]
2026-10-08T02:13:16.3361040Z ##[group]Booting builder
2026-10-08T02:13:16.4717877Z [command]/usr/bin/docker buildx inspect --bootstrap --builder builder-5c0d1e2f
2026-10-08T02:13:16.8311094Z #1 [internal] booting buildkit
2026-10-08T02:13:16.9075487Z #1 pulling image moby/buildkit:buildx-stable-1
2026-10-08T02:13:17.0055618Z #1 pulling image moby/buildkit:buildx-stable-1 1.9s done
2026-10-08T02:13:17.0680147Z #1 creating container buildx_buildkit_builder-5c0d1e2f0
2026-10-08T02:13:17.0959195Z #1 creating container buildx_buildkit_builder-5c0d1e2f0 0.6s done
2026-10-08T02:13:17.2173159Z #1 DONE 2.5s
2026-10-08T02:13:17.3376079Z Name:          builder-5c0d1e2f
2026-10-08T02:13:17.4727842Z Driver:        docker-container
2026-10-08T02:13:17.5839110Z Nodes:
2026-10-08T02:13:17.9225599Z Name:                  builder-5c0d1e2f0
2026-10-08T02:13:18.2430336Z Status:                running
2026-10-08T02:13:18.4138789Z BuildKit version:      v0.24.0
2026-10-08T02:13:18.6806855Z Platforms:             linux/amd64, linux/amd64/v2, linux/amd64/v3, linux/386
2026-10-08T02:13:18.8493776Z ##[endgroup]
2026-10-08T02:13:18.8890276Z ##[group]Run docker/build-push-action@v6
2026-10-08T02:13:18.9542972Z with:
2026-10-08T02:13:18.9682983Z   context: apps/web-backend
2026-10-08T02:13:19.0352401Z   file: apps/web-backend/Dockerfile
2026-10-08T02:13:19.1129388Z   platforms: linux/amd64
2026-10-08T02:13:19.1840085Z   push: true
2026-10-08T02:13:19.2624414Z   tags: 123456789012.dkr.ecr.ap-northeast-1.amazonaws.com/web-backend:4f9c2e1a7b3d5e8f0a6c1b2d3e4f5a6b7c8d9e0f
2026-10-08T02:13:19.3242204Z   cache-from: type=gha,scope=web-backend
2026-10-08T02:13:19.3909463Z   cache-to: type=gha,mode=max,scope=web-backend
2026-10-08T02:13:19.4509920Z   provenance: false
2026-10-08T02:13:19.4956630Z   github-token: ***
2026-10-08T02:13:19.4971932Z ##[endgroup]
2026-10-08T02:13:19.5132283Z ##[group]GitHub Actions runtime token ACs
2026-10-08T02:13:19.5706364Z refs/heads/main: read/write
2026-10-08T02:13:19.6448312Z ##[endgroup]
2026-10-08T02:13:19.7068248Z ##[group]Docker info
2026-10-08T02:13:19.7758679Z Client: Docker Engine - Community
2026-10-08T02:13:19.8487765Z  Version:    28.4.0
2026-10-08T02:13:19.9037338Z ##[endgroup]
2026-10-08T02:13:19.9201531Z ##[group]Proxy configuration
2026-10-08T02:13:19.9625952Z No proxy configuration found
2026-10-08T02:13:20.0267518Z ##[endgroup]
2026-10-08T02:13:20.0659174Z [command]/usr/bin/docker buildx build --cache-from type=gha,scope=web-backend --cache-to type=gha,mode=max,scope=web-backend --file apps/web-backend/Dockerfile --iidfile /home/runner/work/_temp/docker-actions-toolkit-Xk3Pq9/build-iidfile-7c1e2a9b4d.txt --platform linux/amd64 --provenance false --tag 123456789012.dkr.ecr.ap-northeast-1.amazonaws.com/web-backend:4f9c2e1a7b3d5e8f0a6c1b2d3e4f5a6b7c8d9e0f --metadata-file /home/runner/work/_temp/docker-actions-toolkit-Xk3Pq9/build-metadata-3e8f0d1c2b.json --push apps/web-backend
2026-10-08T02:13:20.5131146Z #0 building with "builder-5c0d1e2f" instance using docker-container driver
2026-10-08T02:13:21.2880308Z 
2026-10-08T02:13:21.3619764Z #1 [internal] load build definition from Dockerfile
2026-10-08T02:13:21.4294322Z #1 transferring dockerfile: 1.38kB done
2026-10-08T02:13:21.8972465Z #1 DONE 0.0s
2026-10-08T02:13:22.5340846Z 
2026-10-08T02:13:23.0505379Z #2 [internal] load metadata for docker.io/library/node:20.18-bookworm-slim
2026-10-08T02:13:23.4192671Z #2 DONE 1.2s
2026-10-08T02:13:24.1824592Z 
2026-10-08T02:13:24.5286123Z #3 [internal] load .dockerignore
2026-10-08T02:13:24.6705341Z #3 transferring context: 214B done
2026-10-08T02:13:25.4055070Z #3 DONE 0.0s
2026-10-08T02:13:26.2485870Z 
2026-10-08T02:13:26.3947859Z #4 importing cache manifest from gha:9381726450112093847
2026-10-08T02:13:26.9682260Z #4 DONE 0.4s
2026-10-08T02:13:27.5224349Z 
2026-10-08T02:13:28.3596637Z #5 [build 1/7] FROM docker.io/library/node:20.18-bookworm-slim@sha256:6b5e3f1a2c9d8e7f0a1b2c3d4e5f6a7b8c9d0e1f2a3b4c5d6e7f8a9b0c1d2e3f
2026-10-08T02:13:28.9444987Z #5 resolve docker.io/library/node:20.18-bookworm-slim@sha256:6b5e3f1a2c9d8e7f0a1b2c3d4e5f6a7b8c9d0e1f2a3b4c5d6e7f8a9b0c1d2e3f done
2026-10-08T02:13:29.6377836Z #5 sha256:a2f1c3e9b7d5 28.23MB / 28.23MB 0.9s done
2026-10-08T02:13:30.2401865Z #5 sha256:5e0b8d4c1a72 40.01MB / 40.01MB 1.4s done
2026-10-08T02:13:30.9702756Z #5 extracting sha256:a2f1c3e9b7d5 1.3s done
2026-10-08T02:13:31.0943749Z #5 extracting sha256:5e0b8d4c1a72 1.6s done
2026-10-08T02:13:31.4311020Z #5 DONE 3.4s
2026-10-08T02:13:32.3198205Z 
2026-10-08T02:13:32.4906231Z #6 [internal] load build context
2026-10-08T02:13:33.3256039Z #6 transferring context: 2.71MB 0.2s done
2026-10-08T02:13:33.4917974Z #6 DONE 0.2s
2026-10-08T02:13:33.5524563Z 
2026-10-08T02:13:33.7071946Z #7 [build 2/7] WORKDIR /app
2026-10-08T02:13:34.3785436Z #7 CACHED
2026-10-08T02:13:35.0722475Z 
2026-10-08T02:13:35.6271767Z #8 [build 3/7] COPY package.json package-lock.json ./
2026-10-08T02:13:35.9683379Z #8 CACHED
2026-10-08T02:13:36.5585329Z 
2026-10-08T02:13:36.9159483Z #9 [build 4/7] RUN npm ci --no-audit --no-fund
2026-10-08T02:13:37.2561024Z #9 CACHED
2026-10-08T02:13:37.8266412Z 
2026-10-08T02:13:38.5893467Z #10 [build 5/7] COPY tsconfig.json tsconfig.build.json ./
2026-10-08T02:13:39.2725484Z #10 DONE 0.1s
2026-10-08T02:13:39.6144501Z 
2026-10-08T02:13:39.7658209Z #11 [build 6/7] COPY src ./src
2026-10-08T02:13:40.3529042Z #11 DONE 0.1s
2026-10-08T02:13:40.7111782Z 
2026-10-08T02:13:41.2676559Z #12 [build 7/7] RUN npm run build && npm prune --omit=dev
2026-10-08T02:13:41.5524555Z #12 0.412 
2026-10-08T02:13:41.8658185Z #12 0.412 > web-backend@3.14.0 build
2026-10-08T02:13:42.6865885Z #12 0.412 > tsc -p tsconfig.build.json
2026-10-08T02:13:43.5385769Z #12 0.412 
2026-10-08T02:13:43.9795072Z #12 9.871 
2026-10-08T02:13:44.5604903Z #12 10.94 removed 214 packages, and audited 187 packages in 1s
2026-10-08T02:13:45.4097889Z #12 DONE 11.3s
2026-10-08T02:13:45.7718535Z 
2026-10-08T02:13:46.5514702Z #13 [runtime 2/5] RUN groupadd -r app && useradd -r -g app app
2026-10-08T02:13:46.8538085Z #13 CACHED
2026-10-08T02:13:47.7467786Z 
2026-10-08T02:13:47.8331915Z #14 [runtime 3/5] WORKDIR /app
2026-10-08T02:13:48.4336021Z #14 CACHED
2026-10-08T02:13:49.1933128Z 
2026-10-08T02:13:49.3293034Z #15 [runtime 4/5] COPY --from=build /app/node_modules ./node_modules
2026-10-08T02:13:49.5184337Z #15 DONE 1.8s
2026-10-08T02:13:50.4095504Z 
2026-10-08T02:13:50.6054087Z #16 [runtime 5/5] COPY --from=build /app/dist ./dist
2026-10-08T02:13:50.8496711Z #16 DONE 0.1s
2026-10-08T02:13:51.6146653Z 
2026-10-08T02:13:51.8242164Z #17 exporting to image
2026-10-08T02:13:52.4165863Z #17 exporting layers
2026-10-08T02:13:52.9678727Z #17 exporting layers 3.2s done
2026-10-08T02:13:53.6498514Z #17 exporting manifest sha256:0d7e3a5c9b1f2e4d6a8c0b2e4f6a8c0d2e4f6a8b0c2d4e6f8a0b2c4d6e8f0a1b 0.0s done
2026-10-08T02:13:54.0895317Z #17 exporting config sha256:8c4b2a0e9f7d5c3b1a9e8d7c6b5a4f3e2d1c0b9a8f7e6d5c4b3a2f1e0d9c8b7a 0.0s done
2026-10-08T02:13:54.4725107Z #17 naming to 123456789012.dkr.ecr.ap-northeast-1.amazonaws.com/web-backend:4f9c2e1a7b3d5e8f0a6c1b2d3e4f5a6b7c8d9e0f done
2026-10-08T02:13:54.8529264Z #17 pushing layers
2026-10-08T02:13:55.5107783Z #17 pushing layer sha256:a2f1c3e9b7d5 0.4s done
2026-10-08T02:13:55.7640898Z #17 pushing layer sha256:5e0b8d4c1a72 0.3s done
2026-10-08T02:13:56.4808237Z #17 pushing layer sha256:91c3d7e2f0a4 0.2s done
2026-10-08T02:13:56.9571529Z #17 pushing layer sha256:c7a9e1b3d5f2 2.1s done
2026-10-08T02:13:57.7289595Z #17 pushing layer sha256:3b8f0d2a6e4c 0.6s done
2026-10-08T02:13:58.0809444Z #17 pushing layer sha256:e4d2b0a8c6f1 0.3s done
2026-10-08T02:13:58.2471401Z #17 pushing layers 3.9s done
2026-10-08T02:13:59.0539274Z #17 pushing manifest for 123456789012.dkr.ecr.ap-northeast-1.amazonaws.com/web-backend:4f9c2e1a7b3d5e8f0a6c1b2d3e4f5a6b7c8d9e0f@sha256:0d7e3a5c9b1f2e4d6a8c0b2e4f6a8c0d2e4f6a8b0c2d4e6f8a0b2c4d6e8f0a1b
2026-10-08T02:13:59.4356654Z #17 pushing manifest for 123456789012.dkr.ecr.ap-northeast-1.amazonaws.com/web-backend:4f9c2e1a7b3d5e8f0a6c1b2d3e4f5a6b7c8d9e0f@sha256:0d7e3a5c9b1f2e4d6a8c0b2e4f6a8c0d2e4f6a8b0c2d4e6f8a0b2c4d6e8f0a1b 0.7s done
2026-10-08T02:14:00.2527442Z #17 DONE 8.0s
2026-10-08T02:14:00.8892378Z 
2026-10-08T02:14:01.2969615Z #18 exporting cache to GitHub Actions Cache
2026-10-08T02:14:01.4993446Z #18 preparing build cache for export
2026-10-08T02:14:01.9010880Z #18 writing layer sha256:5e0b8d4c1a72 0.1s done
2026-10-08T02:14:02.0719517Z #18 writing layer sha256:c7a9e1b3d5f2 1.2s done
2026-10-08T02:14:02.2212884Z #18 writing config sha256:2f6a8c0e4b2d
2026-10-08T02:14:02.4800963Z #18 writing cache manifest sha256:7e9a1c3b5d0f 0.3s done
2026-10-08T02:14:02.6336538Z #18 DONE 2.6s
2026-10-08T02:14:02.6643367Z ##[group]Metadata
2026-10-08T02:14:02.6892801Z {
2026-10-08T02:14:02.7639522Z   "containerimage.digest": "sha256:0d7e3a5c9b1f2e4d6a8c0b2e4f6a8c0d2e4f6a8b0c2d4e6f8a0b2c4d6e8f0a1b",
2026-10-08T02:14:02.8311266Z   "image.name": "123456789012.dkr.ecr.ap-northeast-1.amazonaws.com/web-backend:4f9c2e1a7b3d5e8f0a6c1b2d3e4f5a6b7c8d9e0f"
2026-10-08T02:14:02.9000254Z }
2026-10-08T02:14:02.9746038Z ##[endgroup]
2026-10-08T02:14:03.1404733Z ##[group]Run aws-actions/amazon-ecs-render-task-definition@v1
2026-10-08T02:14:03.1743853Z with:
2026-10-08T02:14:03.3297998Z   task-definition: apps/web-backend/deploy/task-definition.json
2026-10-08T02:14:03.3603783Z   container-name: web-backend
2026-10-08T02:14:03.4199158Z   image: 123456789012.dkr.ecr.ap-northeast-1.amazonaws.com/web-backend:4f9c2e1a7b3d5e8f0a6c1b2d3e4f5a6b7c8d9e0f
2026-10-08T02:14:03.5337167Z   environment-variables: APP_VERSION=4f9c2e1
2026-10-08T02:14:03.5643479Z ##[endgroup]
2026-10-08T02:14:03.6731079Z ##[group]Run aws-actions/amazon-ecs-deploy-task-definition@v2
2026-10-08T02:14:03.8425660Z with:
2026-10-08T02:14:03.9353980Z   task-definition: /home/runner/work/_temp/task-definition-2214-Hq7mZ1rT0bXc-.json
2026-10-08T02:14:04.1337026Z   service: web-backend-prod
2026-10-08T02:14:04.2119486Z   cluster: web-prod
2026-10-08T02:14:04.2380958Z   wait-for-service-stability: true
2026-10-08T02:14:04.4229498Z   wait-for-minutes: 10
2026-10-08T02:14:04.5193988Z   force-new-deployment: false
2026-10-08T02:14:04.6053280Z   enable-ecs-managed-tags: false
2026-10-08T02:14:04.7762695Z ##[endgroup]
2026-10-08T02:14:06.0762696Z Deployment started. Watch this deployment's progress in the Amazon ECS console: https://ap-northeast-1.console.aws.amazon.com/ecs/v2/clusters/web-prod/services/web-backend-prod/events?region=ap-northeast-1
2026-10-08T02:14:06.0962692Z Task definition revision 87 registered: arn:aws:ecs:ap-northeast-1:123456789012:task-definition/web-backend-prod:87
2026-10-08T02:14:06.6962690Z Service updated
2026-10-08T02:14:06.7062695Z Waiting for the service to become stable. Will wait for 10 minutes
2026-10-08T02:24:07.1062691Z ##[error]Resource is not in the state servicesStable
2026-10-08T02:24:07.1284417Z ##[error]Process completed with exit code 1.
2026-10-08T02:24:07.3937569Z Post job cleanup.
2026-10-08T02:24:07.5683734Z Post job cleanup.
2026-10-08T02:24:07.7173136Z [command]/usr/bin/docker buildx rm builder-5c0d1e2f
2026-10-08T02:24:07.8932598Z builder-5c0d1e2f removed
2026-10-08T02:24:08.2792798Z Post job cleanup.
2026-10-08T02:24:08.3656320Z Logging out of registry 123456789012.dkr.ecr.ap-northeast-1.amazonaws.com
2026-10-08T02:24:08.8067575Z Post job cleanup.
2026-10-08T02:24:09.1683365Z Post job cleanup.
2026-10-08T02:24:09.2552631Z [command]/usr/bin/git version
2026-10-08T02:24:09.6765821Z git version 2.51.0
2026-10-08T02:24:10.1656162Z Temporarily overriding HOME='/home/runner/work/_temp/9d4a1e7f-3c2b-4f0e-8a6d-2b1c0e9f7d35' before making global git config changes
2026-10-08T02:24:10.2444292Z [command]/usr/bin/git config --local --name-only --get-regexp core\.sshCommand
2026-10-08T02:24:10.3547778Z [command]/usr/bin/git config --local --name-only --get-regexp http\.https\:\/\/github\.com\/\.extraheader
2026-10-08T02:24:10.6445162Z http.https://github.com/.extraheader
2026-10-08T02:24:10.9412445Z [command]/usr/bin/git config --local --unset-all http.https://github.com/.extraheader
2026-10-08T02:24:11.4313003Z Cleaning up orphan processes
