2026-10-08T02:10:02.1183421Z Current runner version: '2.329.0'
2026-10-08T02:10:02.1209874Z ##[group]Runner Image Provisioner
2026-10-08T02:10:02.1210512Z Hosted Compute Agent
2026-10-08T02:10:02.1211003Z Version: 20260915.402
2026-10-08T02:10:02.1211467Z Commit: 7c1a9e2f4b8d03a6e5f1c2b9d8a7e6f5c4b3a2d1
2026-10-08T02:10:02.1211998Z Build Date: 2026-09-15T18:22:41Z
2026-10-08T02:10:02.1212455Z ##[endgroup]
2026-10-08T02:10:02.1212901Z ##[group]Operating System
2026-10-08T02:10:02.1213342Z Ubuntu
2026-10-08T02:10:02.1213746Z 24.04.3
2026-10-08T02:10:02.1214122Z LTS
2026-10-08T02:10:02.1214533Z ##[endgroup]
2026-10-08T02:10:02.1214951Z ##[group]Runner Image
2026-10-08T02:10:02.1215388Z Image: ubuntu-24.04
2026-10-08T02:10:02.1215801Z Version: 20260928.1.0
2026-10-08T02:10:02.1216532Z Included Software: https://github.com/actions/runner-images/blob/ubuntu24/20260928.1/images/ubuntu/Ubuntu2404-Readme.md
2026-10-08T02:10:02.1217489Z Image Release: https://github.com/actions/runner-images/releases/tag/ubuntu24%2F20260928.1
2026-10-08T02:10:02.1218102Z ##[endgroup]
2026-10-08T02:10:02.1219633Z ##[group]GITHUB_TOKEN Permissions
2026-10-08T02:10:02.1221788Z Contents: read
2026-10-08T02:10:02.1222224Z IdToken: write
2026-10-08T02:10:02.1222634Z Metadata: read
2026-10-08T02:10:02.1223049Z ##[endgroup]
2026-10-08T02:10:02.1225501Z Secret source: Actions
2026-10-08T02:10:02.1226124Z Prepare workflow directory
2026-10-08T02:10:02.1712334Z Prepare all required actions
2026-10-08T02:10:02.1751198Z Getting action download info
2026-10-08T02:10:02.5384471Z Download action repository 'actions/checkout@v4' (SHA:11bd71901bbe5b1630ceea73d27597364c9af683)
2026-10-08T02:10:02.6512908Z Download action repository 'actions/setup-node@v4' (SHA:49933ea5288caeca8642d1e84afbd3f7d6820020)
2026-10-08T02:10:02.7621134Z Download action repository 'aws-actions/configure-aws-credentials@v4' (SHA:e3dd6a429d7300a6a4c196c26e071d42e0343502)
2026-10-08T02:10:03.0118823Z Complete job name: deploy (order-api)
2026-10-08T02:10:03.0812274Z ##[group]Run actions/checkout@v4
2026-10-08T02:10:03.0812911Z with:
2026-10-08T02:10:03.0813306Z   repository: acme-shop/platform-apps
2026-10-08T02:10:03.0813902Z   token: ***
2026-10-08T02:10:03.0814275Z   ssh-strict: true
2026-10-08T02:10:03.0814658Z   persist-credentials: true
2026-10-08T02:10:03.0815071Z   clean: true
2026-10-08T02:10:03.0815452Z   fetch-depth: 1
2026-10-08T02:10:03.0815841Z   lfs: false
2026-10-08T02:10:03.0816208Z   submodules: false
2026-10-08T02:10:03.0816598Z ##[endgroup]
2026-10-08T02:10:03.2304417Z Syncing repository: acme-shop/platform-apps
2026-10-08T02:10:03.2306113Z ##[group]Getting Git version info
2026-10-08T02:10:03.2306902Z Working directory is '/home/runner/work/platform-apps/platform-apps'
2026-10-08T02:10:03.2341287Z [command]/usr/bin/git version
2026-10-08T02:10:03.2398711Z git version 2.51.0
2026-10-08T02:10:03.2425533Z ##[endgroup]
2026-10-08T02:10:03.2449172Z Deleting the contents of '/home/runner/work/platform-apps/platform-apps'
2026-10-08T02:10:03.2463328Z ##[group]Initializing the repository
2026-10-08T02:10:03.2468154Z [command]/usr/bin/git init /home/runner/work/platform-apps/platform-apps
2026-10-08T02:10:03.2531902Z Initialized empty Git repository in /home/runner/work/platform-apps/platform-apps/.git/
2026-10-08T02:10:03.2549731Z [command]/usr/bin/git remote add origin https://github.com/acme-shop/platform-apps
2026-10-08T02:10:03.2592215Z ##[endgroup]
2026-10-08T02:10:03.2601487Z ##[group]Fetching the repository
2026-10-08T02:10:03.2610921Z [command]/usr/bin/git -c protocol.version=2 fetch --no-tags --prune --no-recurse-submodules --depth=1 origin +4f2c8a91d7e3b6054a1c9e8f7d6b5a4c3e2f1a0b:refs/remotes/origin/main
2026-10-08T02:10:04.1127745Z From https://github.com/acme-shop/platform-apps
2026-10-08T02:10:04.1129012Z  * [new ref]         4f2c8a91d7e3b6054a1c9e8f7d6b5a4c3e2f1a0b -> origin/main
2026-10-08T02:10:04.1157863Z ##[endgroup]
2026-10-08T02:10:04.1161342Z ##[group]Checking out the ref
2026-10-08T02:10:04.1166018Z [command]/usr/bin/git checkout --progress --force -B main refs/remotes/origin/main
2026-10-08T02:10:04.1932118Z Switched to a new branch 'main'
2026-10-08T02:10:04.1933502Z branch 'main' set up to track 'origin/main'.
2026-10-08T02:10:04.1942241Z ##[endgroup]
2026-10-08T02:10:04.1990216Z [command]/usr/bin/git log -1 --format=%H
2026-10-08T02:10:04.2018443Z 4f2c8a91d7e3b6054a1c9e8f7d6b5a4c3e2f1a0b
2026-10-08T02:10:04.2251198Z ##[group]Run actions/setup-node@v4
2026-10-08T02:10:04.2251803Z with:
2026-10-08T02:10:04.2252196Z   node-version: 20
2026-10-08T02:10:04.2252589Z   cache: npm
2026-10-08T02:10:04.2252974Z   cache-dependency-path: apps/order-api/package-lock.json
2026-10-08T02:10:04.2253455Z   always-auth: false
2026-10-08T02:10:04.2253852Z   check-latest: false
2026-10-08T02:10:04.2254243Z ##[endgroup]
2026-10-08T02:10:04.3811265Z Found in cache @ /opt/hostedtoolcache/node/20.19.5/x64
2026-10-08T02:10:04.3819054Z ##[group]Environment details
2026-10-08T02:10:04.6604428Z node: v20.19.5
2026-10-08T02:10:04.6605131Z npm: 10.8.2
2026-10-08T02:10:04.6605554Z yarn: 1.22.22
2026-10-08T02:10:04.6607011Z ##[endgroup]
2026-10-08T02:10:04.8823771Z [command]/opt/hostedtoolcache/node/20.19.5/x64/bin/npm config get cache
2026-10-08T02:10:05.0129833Z /home/runner/.npm
2026-10-08T02:10:05.2318812Z Cache hit for: node-cache-Linux-x64-npm-9b1e2f7c4a6d8e0f1a3c5b7d9e2f4a6c8b0d1e3f5a7c9b2d4e6f8a0c1b3d5e7f
2026-10-08T02:10:06.1042751Z Received 41943040 of 58720256 (71.4%), 39.9 MBs/sec
2026-10-08T02:10:06.3518720Z Received 58720256 of 58720256 (100.0%), 44.1 MBs/sec
2026-10-08T02:10:06.3521185Z Cache Size: ~56 MB (58720256 B)
2026-10-08T02:10:06.3550143Z [command]/usr/bin/tar -xf /home/runner/work/_temp/a3c1e9f2-7b44-4d0e-9f1a-6c2b8d4e0f13/cache.tzst -P -C /home/runner/work/platform-apps/platform-apps --use-compress-program unzstd
2026-10-08T02:10:06.9812246Z Cache restored successfully
2026-10-08T02:10:07.0021198Z Cache restored from key: node-cache-Linux-x64-npm-9b1e2f7c4a6d8e0f1a3c5b7d9e2f4a6c8b0d1e3f5a7c9b2d4e6f8a0c1b3d5e7f
2026-10-08T02:10:07.0318114Z ##[group]Run aws-actions/configure-aws-credentials@v4
2026-10-08T02:10:07.0318765Z with:
2026-10-08T02:10:07.0319224Z   role-to-assume: arn:aws:iam::123456789012:role/github-actions-cd-deploy
2026-10-08T02:10:07.0319801Z   aws-region: ap-northeast-1
2026-10-08T02:10:07.0320198Z   role-session-name: gha-cd-order-api
2026-10-08T02:10:07.0320612Z   audience: sts.amazonaws.com
2026-10-08T02:10:07.0321004Z ##[endgroup]
2026-10-08T02:10:07.1823091Z Assuming role with OIDC
2026-10-08T02:10:07.6119028Z Authenticated as assumedRoleId AROAEXAMPLEID7Q2RZK4N:gha-cd-order-api
2026-10-08T02:10:07.6338701Z ##[group]Run npm ci
2026-10-08T02:10:07.6339312Z [36;1mnpm ci[0m
2026-10-08T02:10:07.6371229Z shell: /usr/bin/bash -e {0}
2026-10-08T02:10:07.6371684Z env:
2026-10-08T02:10:07.6372085Z   AWS_REGION: ap-northeast-1
2026-10-08T02:10:07.6372511Z   AWS_DEFAULT_REGION: ap-northeast-1
2026-10-08T02:10:07.6372981Z   CDK_DEFAULT_ACCOUNT: 123456789012
2026-10-08T02:10:07.6373412Z ##[endgroup]
2026-10-08T02:10:09.8124417Z npm warn deprecated inflight@1.0.6: This module is not supported, and leaks memory. Do not use it.
2026-10-08T02:10:10.0412287Z npm warn deprecated glob@7.2.3: Glob versions prior to v9 are no longer supported
2026-10-08T02:10:14.7720109Z
2026-10-08T02:10:14.7721342Z added 412 packages, and audited 413 packages in 7s
2026-10-08T02:10:14.7722004Z
2026-10-08T02:10:14.7722417Z 48 packages are looking for funding
2026-10-08T02:10:14.7722899Z   run `npm fund` for details
2026-10-08T02:10:14.7871133Z
2026-10-08T02:10:14.7871842Z found 0 vulnerabilities
2026-10-08T02:10:14.8211458Z ##[group]Run npx cdk synth --quiet
2026-10-08T02:10:14.8212091Z [36;1mnpx cdk synth --quiet[0m
2026-10-08T02:10:14.8241302Z shell: /usr/bin/bash -e {0}
2026-10-08T02:10:14.8241765Z env:
2026-10-08T02:10:14.8242158Z   AWS_REGION: ap-northeast-1
2026-10-08T02:10:14.8242589Z   CDK_DEFAULT_ACCOUNT: 123456789012
2026-10-08T02:10:14.8243012Z ##[endgroup]
2026-10-08T02:10:20.4418892Z Bundling asset OrderApi-Prod/OrderApiFn/Code/Stage...
2026-10-08T02:10:21.1037712Z
2026-10-08T02:10:21.1038664Z   cdk.out/bundling-temp-8d1f3a2b9c7e/index.js  184.3kb
2026-10-08T02:10:21.1039210Z
2026-10-08T02:10:21.1039612Z ⚡ Done in 41ms
2026-10-08T02:10:21.5562184Z Bundling asset OrderApi-Prod/WorkerFn/Code/Stage...
2026-10-08T02:10:22.0811935Z
2026-10-08T02:10:22.0812770Z   cdk.out/bundling-temp-2e7c4d9a1f6b/index.js  97.6kb
2026-10-08T02:10:22.0813305Z
2026-10-08T02:10:22.0813703Z ⚡ Done in 28ms
2026-10-08T02:10:24.9013365Z [Warning at /OrderApi-Prod/OrderApiFn] installing aws-sdk v3 is not required for Node 20 runtime; consider marking it external [ack: @aws-cdk/aws-lambda-nodejs:sdkV3NotRequired]
2026-10-08T02:10:25.2209811Z Successfully synthesized to /home/runner/work/platform-apps/platform-apps/apps/order-api/cdk.out
2026-10-08T02:10:25.2210803Z Supply a stack id (OrderApi-Network, OrderApi-Prod) to display its template.
2026-10-08T02:10:25.2651188Z ##[group]Run npx cdk deploy --all --require-approval never --progress events
2026-10-08T02:10:25.2651944Z [36;1mnpx cdk deploy --all --require-approval never --progress events[0m
2026-10-08T02:10:25.2683107Z shell: /usr/bin/bash -e {0}
2026-10-08T02:10:25.2683572Z env:
2026-10-08T02:10:25.2683978Z   AWS_REGION: ap-northeast-1
2026-10-08T02:10:25.2684412Z   CDK_DEFAULT_ACCOUNT: 123456789012
2026-10-08T02:10:25.2684833Z ##[endgroup]
2026-10-08T02:10:31.0129127Z
2026-10-08T02:10:31.0130013Z ✨  Synthesis time: 5.61s
2026-10-08T02:10:31.0130442Z
2026-10-08T02:10:31.0418887Z OrderApi-Network:  start: Building OrderApi-Network Template
2026-10-08T02:10:31.0420114Z OrderApi-Network:  success: Built OrderApi-Network Template
2026-10-08T02:10:31.0421215Z OrderApi-Network:  start: Publishing OrderApi-Network Template (123456789012-ap-northeast-1)
2026-10-08T02:10:31.7743181Z OrderApi-Network:  success: Published OrderApi-Network Template (123456789012-ap-northeast-1)
2026-10-08T02:10:31.7801904Z OrderApi-Prod:  start: Building 7a3e91c4d2b8f6e0a5c1d9b7e3f2a4c6d8e0b1f3a5c7e9d2b4f6a8c0e1d3b5f7:123456789012-ap-northeast-1
2026-10-08T02:10:31.7803302Z OrderApi-Prod:  success: Built 7a3e91c4d2b8f6e0a5c1d9b7e3f2a4c6d8e0b1f3a5c7e9d2b4f6a8c0e1d3b5f7:123456789012-ap-northeast-1
2026-10-08T02:10:31.7805113Z OrderApi-Prod:  start: Publishing 7a3e91c4d2b8f6e0a5c1d9b7e3f2a4c6d8e0b1f3a5c7e9d2b4f6a8c0e1d3b5f7:123456789012-ap-northeast-1
2026-10-08T02:10:32.9921407Z OrderApi-Prod:  success: Published 7a3e91c4d2b8f6e0a5c1d9b7e3f2a4c6d8e0b1f3a5c7e9d2b4f6a8c0e1d3b5f7:123456789012-ap-northeast-1
2026-10-08T02:10:33.0118114Z OrderApi-Network
2026-10-08T02:10:33.0119012Z OrderApi-Network: deploying... [1/2]
2026-10-08T02:10:33.6510274Z OrderApi-Network: creating CloudFormation changeset...
2026-10-08T02:10:39.2207741Z OrderApi-Network |  0/4 | 2:10:38 AM | UPDATE_IN_PROGRESS   | AWS::CloudFormation::Stack | OrderApi-Network User Initiated
2026-10-08T02:10:42.4418170Z OrderApi-Network |  0/4 | 2:10:41 AM | UPDATE_IN_PROGRESS   | AWS::EC2::SecurityGroup | LambdaSg (LambdaSg5E2D8F1A)
2026-10-08T02:10:43.9019211Z OrderApi-Network |  1/4 | 2:10:43 AM | UPDATE_COMPLETE      | AWS::EC2::SecurityGroup | LambdaSg (LambdaSg5E2D8F1A)
2026-10-08T02:10:44.5521187Z OrderApi-Network |  1/4 | 2:10:44 AM | UPDATE_IN_PROGRESS   | AWS::EC2::SecurityGroupIngress | DbSgFromLambda (DbSgfromOrderApiNetworkLambdaSg3306C4A1B9E2)
2026-10-08T02:10:45.8811432Z OrderApi-Network |  2/4 | 2:10:45 AM | UPDATE_COMPLETE      | AWS::EC2::SecurityGroupIngress | DbSgFromLambda (DbSgfromOrderApiNetworkLambdaSg3306C4A1B9E2)
2026-10-08T02:10:47.0120378Z OrderApi-Network |  3/4 | 2:10:46 AM | UPDATE_COMPLETE_CLEA | AWS::CloudFormation::Stack | OrderApi-Network
2026-10-08T02:10:48.3312094Z OrderApi-Network |  4/4 | 2:10:48 AM | UPDATE_COMPLETE      | AWS::CloudFormation::Stack | OrderApi-Network
2026-10-08T02:10:48.4109981Z
2026-10-08T02:10:48.4110883Z  ✅  OrderApi-Network
2026-10-08T02:10:48.4111291Z
2026-10-08T02:10:48.4111782Z ✨  Deployment time: 15.4s
2026-10-08T02:10:48.4112190Z
2026-10-08T02:10:48.4112702Z Outputs:
2026-10-08T02:10:48.4113317Z OrderApi-Network.ExportsOutputFnGetAttLambdaSg5E2D8F1AGroupId9C1B2A3D = sg-0a1b2c3d4e5f60718
2026-10-08T02:10:48.4114001Z OrderApi-Network.VpcId = vpc-0f1e2d3c4b5a69788
2026-10-08T02:10:48.4114482Z Stack ARN:
2026-10-08T02:10:48.4115122Z arn:aws:cloudformation:ap-northeast-1:123456789012:stack/OrderApi-Network/1c2d3e4f-5a6b-11ef-9c8d-0a1b2c3d4e5f
2026-10-08T02:10:48.4115689Z
2026-10-08T02:10:48.4116107Z ✨  Total time: 20.98s
2026-10-08T02:10:48.4116498Z
2026-10-08T02:10:48.4302285Z OrderApi-Prod
2026-10-08T02:10:48.4303104Z OrderApi-Prod: deploying... [2/2]
2026-10-08T02:10:49.1027613Z OrderApi-Prod: creating CloudFormation changeset...
2026-10-08T02:10:57.6611927Z OrderApi-Prod |  0/27 | 2:10:56 AM | UPDATE_IN_PROGRESS   | AWS::CloudFormation::Stack | OrderApi-Prod User Initiated
2026-10-08T02:11:00.2213318Z OrderApi-Prod |  0/27 | 2:10:59 AM | UPDATE_IN_PROGRESS   | AWS::CDK::Metadata | CDKMetadata/Default (CDKMetadata)
2026-10-08T02:11:00.8104471Z OrderApi-Prod |  0/27 | 2:11:00 AM | UPDATE_IN_PROGRESS   | AWS::IAM::Role | OrderApiFn/ServiceRole (OrderApiFnServiceRole6A1D2E3F)
2026-10-08T02:11:00.8302156Z OrderApi-Prod |  0/27 | 2:11:00 AM | UPDATE_IN_PROGRESS   | AWS::IAM::Role | WorkerFn/ServiceRole (WorkerFnServiceRoleB7C8D9E0)
2026-10-08T02:11:01.4417762Z OrderApi-Prod |  1/27 | 2:11:01 AM | UPDATE_COMPLETE      | AWS::CDK::Metadata | CDKMetadata/Default (CDKMetadata)
2026-10-08T02:11:02.0129118Z OrderApi-Prod |  1/27 | 2:11:01 AM | UPDATE_IN_PROGRESS   | AWS::SQS::Queue | OrderQueueDlq (OrderQueueDlq4F8A2C1E)
2026-10-08T02:11:02.6623114Z OrderApi-Prod |  2/27 | 2:11:02 AM | UPDATE_COMPLETE      | AWS::SQS::Queue | OrderQueueDlq (OrderQueueDlq4F8A2C1E)
2026-10-08T02:11:03.1104882Z OrderApi-Prod |  2/27 | 2:11:03 AM | UPDATE_IN_PROGRESS   | AWS::SQS::Queue | OrderQueue (OrderQueue9B3E7D2A)
2026-10-08T02:11:04.0218877Z OrderApi-Prod |  3/27 | 2:11:03 AM | UPDATE_COMPLETE      | AWS::SQS::Queue | OrderQueue (OrderQueue9B3E7D2A)
2026-10-08T02:11:16.3317201Z OrderApi-Prod |  4/27 | 2:11:16 AM | UPDATE_COMPLETE      | AWS::IAM::Role | WorkerFn/ServiceRole (WorkerFnServiceRoleB7C8D9E0)
2026-10-08T02:11:16.9902418Z OrderApi-Prod |  5/27 | 2:11:16 AM | UPDATE_COMPLETE      | AWS::IAM::Role | OrderApiFn/ServiceRole (OrderApiFnServiceRole6A1D2E3F)
2026-10-08T02:11:17.6612003Z OrderApi-Prod |  5/27 | 2:11:17 AM | UPDATE_IN_PROGRESS   | AWS::IAM::Policy | WorkerFn/ServiceRole/DefaultPolicy (WorkerFnServiceRoleDefaultPolicy1A2B3C4D)
2026-10-08T02:11:17.6829910Z OrderApi-Prod |  5/27 | 2:11:17 AM | UPDATE_IN_PROGRESS   | AWS::IAM::Policy | OrderApiFn/ServiceRole/DefaultPolicy (OrderApiFnServiceRoleDefaultPolicy5E6F7A8B)
2026-10-08T02:11:33.1201776Z OrderApi-Prod |  6/27 | 2:11:32 AM | UPDATE_COMPLETE      | AWS::IAM::Policy | WorkerFn/ServiceRole/DefaultPolicy (WorkerFnServiceRoleDefaultPolicy1A2B3C4D)
2026-10-08T02:11:33.5517024Z OrderApi-Prod |  7/27 | 2:11:33 AM | UPDATE_COMPLETE      | AWS::IAM::Policy | OrderApiFn/ServiceRole/DefaultPolicy (OrderApiFnServiceRoleDefaultPolicy5E6F7A8B)
2026-10-08T02:11:34.2009163Z OrderApi-Prod |  7/27 | 2:11:34 AM | UPDATE_IN_PROGRESS   | AWS::Lambda::Function | WorkerFn (WorkerFnABC123)
2026-10-08T02:11:34.2241179Z OrderApi-Prod |  7/27 | 2:11:34 AM | UPDATE_IN_PROGRESS   | AWS::Lambda::Function | OrderApiFn (OrderApiFnD4E5F6A7)
2026-10-08T02:11:35.0117638Z OrderApi-Prod |  7/27 | 2:11:34 AM | UPDATE_FAILED        | AWS::Lambda::Function | OrderApiFn (OrderApiFnD4E5F6A7) Could not resolve dynamic reference {{resolve:secretsmanager:arn:aws:secretsmanager:ap-northeast-1:123456789012:secret:order-db-credentials-prod-Xk9Pq2:SecretString:password::}}. Secrets Manager can't find the specified secret. (Service: AWSSecretsManager; Status Code: 400; Error Code: ResourceNotFoundException; Request ID: 3b7e2a1c-9d4f-4e8a-b6c5-0f1a2d3e4b5c; Proxy: null)
2026-10-08T02:11:35.6620847Z OrderApi-Prod |  7/27 | 2:11:35 AM | UPDATE_IN_PROGRESS   | AWS::Lambda::Permission | OrderApi/Default/orders/POST/ApiPermission.OrderApiProdOrderApi5A1B2C3D.POST..orders (OrderApiordersPOSTApiPermissionOrderApiProdOrderApi5A1B2C3DPOSTorders8E9F0A1B)
2026-10-08T02:11:36.4108922Z OrderApi-Prod |  7/27 | 2:11:36 AM | UPDATE_IN_PROGRESS   | AWS::ApiGateway::Deployment | OrderApi/Deployment (OrderApiDeployment7C3F1E9Ab2d4c6e8f0a1)
2026-10-08T02:11:37.8813046Z OrderApi-Prod |  7/27 | 2:11:37 AM | UPDATE_FAILED        | AWS::ApiGateway::Deployment | OrderApi/Deployment (OrderApiDeployment7C3F1E9Ab2d4c6e8f0a1) Resource handler returned message: "Invalid permissions on Lambda function (Service: ApiGateway, Status Code: 400, Request ID: 8f2c4a6e-1b3d-4f5a-9c7e-2d4b6f8a0c1e) (SDK Attempt Count: 1)" (RequestToken: c1d2e3f4-a5b6-7c8d-9e0f-1a2b3c4d5e6f, HandlerErrorCode: InvalidRequest)
2026-10-08T02:11:38.2201415Z OrderApi-Prod |  7/27 | 2:11:38 AM | UPDATE_FAILED        | AWS::Lambda::Permission | OrderApi/Default/orders/POST/ApiPermission.OrderApiProdOrderApi5A1B2C3D.POST..orders (OrderApiordersPOSTApiPermissionOrderApiProdOrderApi5A1B2C3DPOSTorders8E9F0A1B) Resource update cancelled
2026-10-08T02:11:41.0937218Z OrderApi-Prod |  8/27 | 2:11:40 AM | UPDATE_COMPLETE      | AWS::Lambda::Function | WorkerFn (WorkerFnABC123)
2026-10-08T02:11:41.7731164Z OrderApi-Prod |  8/27 | 2:11:41 AM | UPDATE_ROLLBACK_IN_P | AWS::CloudFormation::Stack | OrderApi-Prod The following resource(s) failed to update: [OrderApiFnD4E5F6A7, OrderApiDeployment7C3F1E9Ab2d4c6e8f0a1, OrderApiordersPOSTApiPermissionOrderApiProdOrderApi5A1B2C3DPOSTorders8E9F0A1B].
2026-10-08T02:11:46.5528911Z OrderApi-Prod |  8/27 | 2:11:46 AM | UPDATE_IN_PROGRESS   | AWS::Lambda::Function | WorkerFn (WorkerFnABC123)
2026-10-08T02:11:52.1103327Z OrderApi-Prod |  7/27 | 2:11:51 AM | UPDATE_COMPLETE      | AWS::Lambda::Function | WorkerFn (WorkerFnABC123)
2026-10-08T02:11:52.7718209Z OrderApi-Prod |  7/27 | 2:11:52 AM | UPDATE_IN_PROGRESS   | AWS::IAM::Policy | OrderApiFn/ServiceRole/DefaultPolicy (OrderApiFnServiceRoleDefaultPolicy5E6F7A8B)
2026-10-08T02:11:52.7931002Z OrderApi-Prod |  7/27 | 2:11:52 AM | UPDATE_IN_PROGRESS   | AWS::IAM::Policy | WorkerFn/ServiceRole/DefaultPolicy (WorkerFnServiceRoleDefaultPolicy1A2B3C4D)
2026-10-08T02:12:08.4419027Z OrderApi-Prod |  6/27 | 2:12:08 AM | UPDATE_COMPLETE      | AWS::IAM::Policy | OrderApiFn/ServiceRole/DefaultPolicy (OrderApiFnServiceRoleDefaultPolicy5E6F7A8B)
2026-10-08T02:12:08.6614318Z OrderApi-Prod |  5/27 | 2:12:08 AM | UPDATE_COMPLETE      | AWS::IAM::Policy | WorkerFn/ServiceRole/DefaultPolicy (WorkerFnServiceRoleDefaultPolicy1A2B3C4D)
2026-10-08T02:12:09.2012745Z OrderApi-Prod |  5/27 | 2:12:09 AM | UPDATE_IN_PROGRESS   | AWS::IAM::Role | OrderApiFn/ServiceRole (OrderApiFnServiceRole6A1D2E3F)
2026-10-08T02:12:09.2213841Z OrderApi-Prod |  5/27 | 2:12:09 AM | UPDATE_IN_PROGRESS   | AWS::IAM::Role | WorkerFn/ServiceRole (WorkerFnServiceRoleB7C8D9E0)
2026-10-08T02:12:24.9017732Z OrderApi-Prod |  4/27 | 2:12:24 AM | UPDATE_COMPLETE      | AWS::IAM::Role | OrderApiFn/ServiceRole (OrderApiFnServiceRole6A1D2E3F)
2026-10-08T02:12:25.1129903Z OrderApi-Prod |  3/27 | 2:12:24 AM | UPDATE_COMPLETE      | AWS::IAM::Role | WorkerFn/ServiceRole (WorkerFnServiceRoleB7C8D9E0)
2026-10-08T02:12:25.7804419Z OrderApi-Prod |  3/27 | 2:12:25 AM | UPDATE_IN_PROGRESS   | AWS::SQS::Queue | OrderQueue (OrderQueue9B3E7D2A)
2026-10-08T02:12:26.6612081Z OrderApi-Prod |  2/27 | 2:12:26 AM | UPDATE_COMPLETE      | AWS::SQS::Queue | OrderQueue (OrderQueue9B3E7D2A)
2026-10-08T02:12:27.1108733Z OrderApi-Prod |  2/27 | 2:12:27 AM | UPDATE_IN_PROGRESS   | AWS::SQS::Queue | OrderQueueDlq (OrderQueueDlq4F8A2C1E)
2026-10-08T02:12:27.9921560Z OrderApi-Prod |  1/27 | 2:12:27 AM | UPDATE_COMPLETE      | AWS::SQS::Queue | OrderQueueDlq (OrderQueueDlq4F8A2C1E)
2026-10-08T02:12:28.4403318Z OrderApi-Prod |  1/27 | 2:12:28 AM | UPDATE_IN_PROGRESS   | AWS::CDK::Metadata | CDKMetadata/Default (CDKMetadata)
2026-10-08T02:12:29.0317745Z OrderApi-Prod |  0/27 | 2:12:28 AM | UPDATE_COMPLETE      | AWS::CDK::Metadata | CDKMetadata/Default (CDKMetadata)
2026-10-08T02:12:30.6629108Z OrderApi-Prod |  1/27 | 2:12:30 AM | UPDATE_ROLLBACK_COMP | AWS::CloudFormation::Stack | OrderApi-Prod
2026-10-08T02:12:32.2201784Z OrderApi-Prod |  2/27 | 2:12:31 AM | UPDATE_ROLLBACK_COMP | AWS::CloudFormation::Stack | OrderApi-Prod
2026-10-08T02:12:32.2412117Z
2026-10-08T02:12:32.2413088Z Failed resources:
2026-10-08T02:12:32.2414502Z OrderApi-Prod | 2:11:37 AM | UPDATE_FAILED        | AWS::ApiGateway::Deployment | OrderApi/Deployment (OrderApiDeployment7C3F1E9Ab2d4c6e8f0a1) Resource handler returned message: "Invalid permissions on Lambda function (Service: ApiGateway, Status Code: 400, Request ID: 8f2c4a6e-1b3d-4f5a-9c7e-2d4b6f8a0c1e) (SDK Attempt Count: 1)" (RequestToken: c1d2e3f4-a5b6-7c8d-9e0f-1a2b3c4d5e6f, HandlerErrorCode: InvalidRequest)
2026-10-08T02:12:32.2415911Z OrderApi-Prod | 2:11:38 AM | UPDATE_FAILED        | AWS::Lambda::Permission | OrderApi/Default/orders/POST/ApiPermission.OrderApiProdOrderApi5A1B2C3D.POST..orders (OrderApiordersPOSTApiPermissionOrderApiProdOrderApi5A1B2C3DPOSTorders8E9F0A1B) Resource update cancelled
2026-10-08T02:12:32.2532094Z
2026-10-08T02:12:32.2533112Z  ❌  OrderApi-Prod failed: _ToolkitError: The stack named OrderApi-Prod failed to deploy: UPDATE_ROLLBACK_COMPLETE: The following resource(s) failed to update: [OrderApiFnD4E5F6A7, OrderApiDeployment7C3F1E9Ab2d4c6e8f0a1, OrderApiordersPOSTApiPermissionOrderApiProdOrderApi5A1B2C3DPOSTorders8E9F0A1B].
2026-10-08T02:12:32.2534007Z     at FullCloudFormationDeployment.monitorDeployment (/home/runner/work/platform-apps/platform-apps/apps/order-api/node_modules/aws-cdk/lib/index.js:631:10215)
2026-10-08T02:12:32.2534811Z     at process.processTicksAndRejections (node:internal/process/task_queues:105:5)
2026-10-08T02:12:32.2535492Z     at async Object.deployStack2 [as deployStack] (/home/runner/work/platform-apps/platform-apps/apps/order-api/node_modules/aws-cdk/lib/index.js:634:200425)
2026-10-08T02:12:32.2536201Z     at async /home/runner/work/platform-apps/platform-apps/apps/order-api/node_modules/aws-cdk/lib/index.js:634:181719
2026-10-08T02:12:32.2536733Z
2026-10-08T02:12:32.2537291Z  ❌ Deployment failed: _ToolkitError: The stack named OrderApi-Prod failed to deploy: UPDATE_ROLLBACK_COMPLETE: The following resource(s) failed to update: [OrderApiFnD4E5F6A7, OrderApiDeployment7C3F1E9Ab2d4c6e8f0a1, OrderApiordersPOSTApiPermissionOrderApiProdOrderApi5A1B2C3DPOSTorders8E9F0A1B].
2026-10-08T02:12:32.2538004Z
2026-10-08T02:12:32.2538511Z NOTICES         (What's this? https://github.com/aws/aws-cdk/wiki/CLI-Notices)
2026-10-08T02:12:32.2539015Z
2026-10-08T02:12:32.2539522Z 34892	(cli): Upcoming default change for --progress flag
2026-10-08T02:12:32.2540003Z
2026-10-08T02:12:32.2540512Z 	Overview: The default progress display will change in a future release.
2026-10-08T02:12:32.2541001Z
2026-10-08T02:12:32.2541492Z 	Affected versions: cli: >=2.160.0
2026-10-08T02:12:32.2541954Z
2026-10-08T02:12:32.2542478Z If you don’t want to see a notice anymore, use "cdk acknowledge <id>". For example, "cdk acknowledge 34892".
2026-10-08T02:12:32.3119207Z ##[error]Process completed with exit code 1.
2026-10-08T02:12:32.3218843Z ##[group]Run echo "deploy finished for ${APP}"
2026-10-08T02:12:32.3219502Z [36;1mecho "deploy finished for ${APP}"[0m
2026-10-08T02:12:32.3219988Z ##[endgroup]
2026-10-08T02:12:32.3220711Z Skipping step 'Smoke test /health' due to previous failure
2026-10-08T02:12:32.3221302Z Skipping step 'Notify Slack (success)' due to previous failure
2026-10-08T02:12:32.3398124Z Post job cleanup.
2026-10-08T02:12:32.4812002Z [command]/usr/bin/git version
2026-10-08T02:12:32.4864119Z git version 2.51.0
2026-10-08T02:12:32.4912873Z Temporarily overriding HOME='/home/runner/work/_temp/5e2b8c1d-3f4a-4b6c-9d7e-8f0a1b2c3d4e' before making global git config changes
2026-10-08T02:12:32.4914001Z Adding repository directory to the temporary git global config as a safe directory
2026-10-08T02:12:32.4921187Z [command]/usr/bin/git config --global --add safe.directory /home/runner/work/platform-apps/platform-apps
2026-10-08T02:12:32.4987421Z [command]/usr/bin/git config --local --name-only --get-regexp core\.sshCommand
2026-10-08T02:12:32.5041273Z [command]/usr/bin/git submodule foreach --recursive sh -c "git config --local --name-only --get-regexp 'core\.sshCommand' && git config --local --unset-all 'core\.sshCommand' || :"
2026-10-08T02:12:32.5299114Z [command]/usr/bin/git config --local --name-only --get-regexp http\.https\:\/\/github\.com\/\.extraheader
2026-10-08T02:12:32.5328812Z http.https://github.com/.extraheader
2026-10-08T02:12:32.5341105Z [command]/usr/bin/git config --local --unset-all http.https://github.com/.extraheader
2026-10-08T02:12:32.5411987Z Cleaning up orphan processes
